---
source: crates/orno-cli/tests/replay_goldens.rs
assertion_line: 88
expression: events
---
- event:
    run_id: "[run_id]"
    type: run_started
  schema_version: 3
  seq: 1
  timestamp: "[timestamp]"
- event:
    node_id: greet
    node_kind: agent
    run_id: "[run_id]"
    type: node_started
  schema_version: 3
  seq: 2
  timestamp: "[timestamp]"
- event:
    iteration: 0
    node_id: greet
    node_kind: agent
    run_id: "[run_id]"
    type: agent_iteration_started
  schema_version: 3
  seq: 3
  timestamp: "[timestamp]"
- event:
    model: openai/gpt-5
    node_id: greet
    prompt_excerpt: Say hello to README.md in one sentence.
    provider: openrouter
    run_id: "[run_id]"
    system_excerpt: You are friendly.
    type: llm_request_started
  schema_version: 3
  seq: 4
  timestamp: "[timestamp]"
- event:
    content_excerpt: "[dummy] model=openai/gpt-5 prompt=\"Say hello to README.md in one sentence.\""
    finish_reason: stop
    node_id: greet
    run_id: "[run_id]"
    type: llm_response_received
    usage:
      completion_tokens: 0
      prompt_tokens: 0
      total_tokens: 0
  schema_version: 3
  seq: 5
  timestamp: "[timestamp]"
- event:
    failure: ~
    node_id: greet
    node_kind: agent
    ok: true
    run_id: "[run_id]"
    type: node_finished
  schema_version: 3
  seq: 6
  timestamp: "[timestamp]"
- event:
    failed_nodes: []
    ok: true
    run_id: "[run_id]"
    skipped_nodes: []
    type: run_finished
  schema_version: 3
  seq: 7
  timestamp: "[timestamp]"
